--- Iniciando Teste de Permiss§es ---
Host: 77.37.126.7
Usußrio: srodrigo
Caminho Remoto: /var/www
------------------------------

[1/4] Conectando via SSH... [OK] Sucesso!

[2/4] Testando LEITURA em '/var/www'... [OK] Conte·do listado.
      6 itens encontrados:
      - .idea
      - adv.precifex.com
      - doislucas.com
      - precos.precifex.com
      - html
      - precifex.com
[3/4] Testando ESCRITA (criando 'test_perm_1768947394.txt')... [OK] Arquivo criado.
[4/4] Limpando (removendo arquivo de teste)... [OK] Arquivo removido.
------------------------------
Teste finalizado.
